conda.exe : ERROR conda.cli.main_run:execute(127): `conda run pytest 
tests/test_pfasgroups_legacy.py -x --tb=short` failed. (See above for error)
At C:\Users\luc\miniforge3\shell\condabin\Conda.psm1:153 char:17
+ ...             & $Env:CONDA_EXE $Env:_CE_M $Env:_CE_CONDA $Command @Othe ...
+                 ~~~~~~~~~~~~~~~~~~~~~~~~~~~~~~~~~~~~~~~~~~~~~~~~~~~~~~~~~
    + CategoryInfo          : NotSpecified: (ERROR conda.cli...bove for error) 
   :String) [], RemoteException
    + FullyQualifiedErrorId : NativeCommandError
 
============================= test session starts =============================
platform win32 -- Python 3.14.2, pytest-9.0.2, pluggy-1.6.0
rootdir: C:\Users\luc\git\PFASGroups
configfile: pyproject.toml
plugins: cov-7.0.0, timeout-2.4.0
collected 36 items

tests\test_pfasgroups_legacy.py ........F

================================== FAILURES ===================================
_____ TestParseSmiliesLegacyOutput.test_inner_list_for_matching_molecule ______
tests\test_pfasgroups_legacy.py:101: in test_inner_list_for_matching_molecule
    assert isinstance(inner, list)
E   AssertionError: assert False
E    +  where False = isinstance({'smiles': 'O=C(O)C(F)(F)C(F)(F)C(F)(F)C(F)(F)C(F)(F)C(F)(F)C(F)(F)F', 'inchikey': 'SNGREZUHAYWORS-UHFFFAOYSA-N', 'inc...', 'type': 'PFASdefinition'}, {'match_id': 'D5', 'id': 5, 'definition_name': 'PFASTRUCTv5', 'type': 'PFASdefinition'}]}, list)
=========================== short test summary info ===========================
FAILED tests/test_pfasgroups_legacy.py::TestParseSmiliesLegacyOutput::test_inner_list_for_matching_molecule
!!!!!!!!!!!!!!!!!!!!!!!!!! stopping after 1 failures !!!!!!!!!!!!!!!!!!!!!!!!!!
========================= 1 failed, 8 passed in 2.26s =========================

